// Vitest Snapshot v1, https://vitest.dev/guide/snapshot.html

exports[`Footer > renders correctly 1`] = `
<div>
  <footer
    class="flex justify-between items-center bg-panel px-4 py-2 border-t border-border text-[11px] font-mono"
  >
    <div
      class="flex items-center gap-3"
    >
      <span
        class="flex items-center gap-2 text-accentCyan"
      >
        <span
          class="w-2 h-2 rounded-full bg-accentCyan animate-pulse"
        />
        Ops Control Online
      </span>
      <span
        class="text-gray-500"
      >
        Press ⌘K · roundtable across every AI platform
      </span>
    </div>
    <div
      class="flex items-center gap-3"
    >
      <span
        class="text-accentMagenta"
      >
        business-only operations
      </span>
      <span
        class="text-accentCyan"
      >
        PAWCLAW-ELITE-V1
      </span>
    </div>
  </footer>
</div>
`;
