// Vitest Snapshot v1, https://vitest.dev/guide/snapshot.html

exports[`MissionBand > renders correctly 1`] = `
<div>
  <div
    class="bg-gradient-to-br from-panel to-background rounded border border-accentMagenta/20 p-4 mb-4"
  >
    <div
      class="flex items-center gap-2 mb-2"
    >
      <svg
        class="lucide lucide-heart text-accentMagenta"
        fill="none"
        height="14"
        stroke="currentColor"
        stroke-linecap="round"
        stroke-linejoin="round"
        stroke-width="2"
        viewBox="0 0 24 24"
        width="14"
        xmlns="http://www.w3.org/2000/svg"
      >
        <path
          d="M19 14c1.49-1.46 3-3.21 3-5.5A5.5 5.5 0 0 0 16.5 3c-1.76 0-3 .5-4.5 2-1.5-1.5-2.74-2-4.5-2A5.5 5.5 0 0 0 2 8.5c0 2.3 1.5 4.05 3 5.5l7 7Z"
        />
      </svg>
      <div
        class="text-[10px] font-mono uppercase tracking-wider text-gray-500"
      >
        mission
      </div>
      <div
        class="text-xs font-mono text-accentMagenta"
      >
        #MembershipVerificationSupport
      </div>
    </div>
    <p
      class="text-xs text-gray-300 leading-relaxed"
    >
      Gravity keeps us grounded — AI built ANTIGRAVITY to lift us up. For members.
    </p>
    <div
      class="mt-3 text-[10px] font-mono text-gray-500"
    >
      Runway · — days · primary · youandinotai.com
    </div>
  </div>
</div>
`;
