// Vitest Snapshot v1, https://vitest.dev/guide/snapshot.html

exports[`Sidebar > renders correctly 1`] = `
<div>
  <aside
    class="w-56 bg-panel border-r border-border flex flex-col overflow-y-auto"
    data-testid="sidebar"
  >
    <div
      class="p-3 space-y-1"
    >
      <button
        class="w-full flex items-center gap-2 px-3 py-2 rounded text-xs font-mono uppercase tracking-wider transition bg-accentCyan/15 text-accentCyan border border-accentCyan/40"
      >
        <svg
          class="lucide lucide-layout-grid text-accentCyan"
          fill="none"
          height="14"
          stroke="currentColor"
          stroke-linecap="round"
          stroke-linejoin="round"
          stroke-width="2"
          viewBox="0 0 24 24"
          width="14"
          xmlns="http://www.w3.org/2000/svg"
        >
          <rect
            height="7"
            rx="1"
            width="7"
            x="3"
            y="3"
          />
          <rect
            height="7"
            rx="1"
            width="7"
            x="14"
            y="3"
          />
          <rect
            height="7"
            rx="1"
            width="7"
            x="14"
            y="14"
          />
          <rect
            height="7"
            rx="1"
            width="7"
            x="3"
            y="14"
          />
        </svg>
        <span
          class="flex-1 text-left normal-case"
        >
          Mission Control
        </span>
        <span
          class="text-[9px] px-1.5 py-0.5 rounded bg-accentMagenta/20 text-accentMagenta border border-accentMagenta/40"
        >
          NEW
        </span>
      </button>
      <button
        class="w-full flex items-center gap-2 px-3 py-2 rounded text-xs font-mono uppercase tracking-wider transition text-gray-300 hover:text-white hover:bg-background border border-transparent"
      >
        <svg
          class="lucide lucide-book-open text-gray-500"
          fill="none"
          height="14"
          stroke="currentColor"
          stroke-linecap="round"
          stroke-linejoin="round"
          stroke-width="2"
          viewBox="0 0 24 24"
          width="14"
          xmlns="http://www.w3.org/2000/svg"
        >
          <path
            d="M2 3h6a4 4 0 0 1 4 4v14a3 3 0 0 0-3-3H2z"
          />
          <path
            d="M22 3h-6a4 4 0 0 0-4 4v14a3 3 0 0 1 3-3h7z"
          />
        </svg>
        <span
          class="flex-1 text-left normal-case"
        >
          Mission Ledger
        </span>
        <span
          class="text-[9px] px-1.5 py-0.5 rounded bg-accentMagenta/20 text-accentMagenta border border-accentMagenta/40"
        >
          NEW
        </span>
      </button>
      <button
        class="w-full flex items-center gap-2 px-3 py-2 rounded text-xs font-mono uppercase tracking-wider transition text-gray-300 hover:text-white hover:bg-background border border-transparent"
      >
        <svg
          class="lucide lucide-users text-gray-500"
          fill="none"
          height="14"
          stroke="currentColor"
          stroke-linecap="round"
          stroke-linejoin="round"
          stroke-width="2"
          viewBox="0 0 24 24"
          width="14"
          xmlns="http://www.w3.org/2000/svg"
        >
          <path
            d="M16 21v-2a4 4 0 0 0-4-4H6a4 4 0 0 0-4 4v2"
          />
          <circle
            cx="9"
            cy="7"
            r="4"
          />
          <path
            d="M22 21v-2a4 4 0 0 0-3-3.87"
          />
          <path
            d="M16 3.13a4 4 0 0 1 0 7.75"
          />
        </svg>
        <span
          class="flex-1 text-left normal-case"
        >
          AI Roundtable
        </span>
        <span
          class="text-[9px] px-1.5 py-0.5 rounded bg-accentMagenta/20 text-accentMagenta border border-accentMagenta/40"
        >
          NEW
        </span>
      </button>
      <button
        class="w-full flex items-center gap-2 px-3 py-2 rounded text-xs font-mono uppercase tracking-wider transition text-gray-300 hover:text-white hover:bg-background border border-transparent"
      >
        <svg
          class="lucide lucide-list-checks text-gray-500"
          fill="none"
          height="14"
          stroke="currentColor"
          stroke-linecap="round"
          stroke-linejoin="round"
          stroke-width="2"
          viewBox="0 0 24 24"
          width="14"
          xmlns="http://www.w3.org/2000/svg"
        >
          <path
            d="m3 17 2 2 4-4"
          />
          <path
            d="m3 7 2 2 4-4"
          />
          <path
            d="M13 6h8"
          />
          <path
            d="M13 12h8"
          />
          <path
            d="M13 18h8"
          />
        </svg>
        <span
          class="flex-1 text-left normal-case"
        >
          Tasks
        </span>
        <span
          class="text-[9px] px-1.5 py-0.5 rounded bg-accentMagenta/20 text-accentMagenta border border-accentMagenta/40"
        >
          NEW
        </span>
      </button>
      <button
        class="w-full flex items-center gap-2 px-3 py-2 rounded text-xs font-mono uppercase tracking-wider transition text-gray-300 hover:text-white hover:bg-background border border-transparent"
      >
        <svg
          class="lucide lucide-code text-gray-500"
          fill="none"
          height="14"
          stroke="currentColor"
          stroke-linecap="round"
          stroke-linejoin="round"
          stroke-width="2"
          viewBox="0 0 24 24"
          width="14"
          xmlns="http://www.w3.org/2000/svg"
        >
          <polyline
            points="16 18 22 12 16 6"
          />
          <polyline
            points="8 6 2 12 8 18"
          />
        </svg>
        <span
          class="flex-1 text-left normal-case"
        >
          Code Mode
        </span>
      </button>
      <button
        class="w-full flex items-center gap-2 px-3 py-2 rounded text-xs font-mono uppercase tracking-wider transition text-gray-300 hover:text-white hover:bg-background border border-transparent"
      >
        <svg
          class="lucide lucide-image-plus text-gray-500"
          fill="none"
          height="14"
          stroke="currentColor"
          stroke-linecap="round"
          stroke-linejoin="round"
          stroke-width="2"
          viewBox="0 0 24 24"
          width="14"
          xmlns="http://www.w3.org/2000/svg"
        >
          <path
            d="M21 12v7a2 2 0 0 1-2 2H5a2 2 0 0 1-2-2V5a2 2 0 0 1 2-2h7"
          />
          <line
            x1="16"
            x2="22"
            y1="5"
            y2="5"
          />
          <line
            x1="19"
            x2="19"
            y1="2"
            y2="8"
          />
          <circle
            cx="9"
            cy="9"
            r="2"
          />
          <path
            d="m21 15-3.086-3.086a2 2 0 0 0-2.828 0L6 21"
          />
        </svg>
        <span
          class="flex-1 text-left normal-case"
        >
          Create · Banana
        </span>
      </button>
      <button
        class="w-full flex items-center gap-2 px-3 py-2 rounded text-xs font-mono uppercase tracking-wider transition text-gray-300 hover:text-white hover:bg-background border border-transparent"
      >
        <svg
          class="lucide lucide-search text-gray-500"
          fill="none"
          height="14"
          stroke="currentColor"
          stroke-linecap="round"
          stroke-linejoin="round"
          stroke-width="2"
          viewBox="0 0 24 24"
          width="14"
          xmlns="http://www.w3.org/2000/svg"
        >
          <circle
            cx="11"
            cy="11"
            r="8"
          />
          <path
            d="m21 21-4.3-4.3"
          />
        </svg>
        <span
          class="flex-1 text-left normal-case"
        >
          Research Mode
        </span>
      </button>
      <button
        class="w-full flex items-center gap-2 px-3 py-2 rounded text-xs font-mono uppercase tracking-wider transition text-gray-300 hover:text-white hover:bg-background border border-transparent"
      >
        <svg
          class="lucide lucide-message-square text-gray-500"
          fill="none"
          height="14"
          stroke="currentColor"
          stroke-linecap="round"
          stroke-linejoin="round"
          stroke-width="2"
          viewBox="0 0 24 24"
          width="14"
          xmlns="http://www.w3.org/2000/svg"
        >
          <path
            d="M21 15a2 2 0 0 1-2 2H7l-4 4V5a2 2 0 0 1 2-2h14a2 2 0 0 1 2 2z"
          />
        </svg>
        <span
          class="flex-1 text-left normal-case"
        >
          Chat Mode
        </span>
      </button>
    </div>
    <div
      class="px-3 py-2 border-t border-border"
    >
      <div
        class="text-[10px] font-mono uppercase tracking-wider text-gray-500 mb-2"
      >
        History
      </div>
      <div
        class="text-xs font-mono text-gray-500"
      >
        No recent chats
      </div>
    </div>
    <div
      class="px-3 py-2 border-t border-border"
    >
      <div
        data-testid="product-panel"
      >
        Product Panel
      </div>
      <div
        data-testid="stack-integrity-widget"
      >
        Stack Integrity
      </div>
    </div>
    <div
      class="mt-auto p-3 border-t border-border"
    >
      <div
        class="text-[10px] font-mono text-gray-500"
      >
        Settings
      </div>
      <div
        class="text-[10px] font-mono text-accentMagenta mt-1"
      >
        membership · verification · support
      </div>
    </div>
  </aside>
</div>
`;
